[quantumlab.nat.fau.de/Interferenz/Photon/Start_Interferenz_Photon.swf]
[quantumlab.nat.fau.de/Interferenz/Photon/Interferenz_Photon.swf]
[quantumlab.nat.fau.de/index.html]
[quantumlab.nat.fau.de/Grundlagen/Kapitel1/Start_Detektor_ohneL.swf]
[quantumlab.nat.fau.de/Grundlagen/Kapitel1/Detektor_ohneL.swf]
[quantumlab.nat.fau.de/Grundlagen/Kapitel3/Start_Malus.swf]
[quantumlab.nat.fau.de/Grundlagen/Kapitel3/Malus.swf]
[quantumlab.nat.fau.de/Aufbau/Kapitel1/Start_Aufbau-Schule.swf]
[quantumlab.nat.fau.de/Aufbau/Kapitel1/Aufbau-Schule.swf]
[quantumlab.nat.fau.de/Aufbau/Kapitel2/Start_Aufbau.swf]
[quantumlab.nat.fau.de/Aufbau/Kapitel2/Aufbau.swf]
[quantumlab.nat.fau.de/Koinzidenz/Kapitel1/Start_CC_Schule.swf]
[quantumlab.nat.fau.de/Koinzidenz/Kapitel1/Animation_Quelle.swf]
[quantumlab.nat.fau.de/Koinzidenz/Kapitel1/CC_Schule.swf]
[quantumlab.nat.fau.de/Koinzidenz/Kapitel2/Start_CC.swf]
[quantumlab.nat.fau.de/Koinzidenz/Kapitel2/Start_CC_K.swf]
[quantumlab.nat.fau.de/Koinzidenz/Kapitel2/CC_konti.swf]
[quantumlab.nat.fau.de/Koinzidenz/Kapitel2/CC_einzeln.swf]
[quantumlab.nat.fau.de/Existenz/Kapitel1/Start_Existenz_E.swf]
[quantumlab.nat.fau.de/Existenz/Kapitel1/Start_Exi_getr.swf]
[quantumlab.nat.fau.de/Existenz/Kapitel1/Existenz_E.swf]
[quantumlab.nat.fau.de/Existenz/Kapitel1/Exi_getr.swf]
[quantumlab.nat.fau.de/Existenz/Kapitel2/Start_Existenz_K.swf]
[quantumlab.nat.fau.de/Existenz/Kapitel2/Start_Existenz_G2.swf]
[quantumlab.nat.fau.de/Existenz/Kapitel2/Existenz_K.swf]
[quantumlab.nat.fau.de/Existenz/Kapitel2/Existenz_G2.swf]
[quantumlab.nat.fau.de/Existenz/Kapitel3/Start_Statistik_konti.swf]
[quantumlab.nat.fau.de/Existenz/Kapitel3/Statistik_Konti.swf]
[quantumlab.nat.fau.de/Quantenzufall/1Strahlteiler/Start_Zufall_getr.swf]
[quantumlab.nat.fau.de/Quantenzufall/1Strahlteiler/Start_Zufall.swf]
[quantumlab.nat.fau.de/Quantenzufall/1Strahlteiler/Zufall_getr.swf]
[quantumlab.nat.fau.de/Quantenzufall/1Strahlteiler/Zufall_E.swf]
[quantumlab.nat.fau.de/Quantenzufall/Anwendungen/Mozart.swf]
[quantumlab.nat.fau.de/Quantenzufall/2Strahlteiler/Start_E_50_50.swf]
[quantumlab.nat.fau.de/Quantenzufall/2Strahlteiler/Einzel-50-50.swf]
[quantumlab.nat.fau.de/Kryptographie/OneTimePad/QKD.swf]
[quantumlab.nat.fau.de/Kryptographie/QKD-Einfuehrung/Start_QKD.swf]
[quantumlab.nat.fau.de/Kryptographie/QKD-Einfuehrung/QKD_E.swf]
[quantumlab.nat.fau.de/Kryptographie/QKD/Start_QKD_K.swf]
[quantumlab.nat.fau.de/Kryptographie/QKD/QKD_K.swf]
[quantumlab.nat.fau.de/Verschraenkung/Grundlagen/Start_E_50_50.swf]
[quantumlab.nat.fau.de/Verschraenkung/Grundlagen/Einzel-50-50.swf]
[quantumlab.nat.fau.de/Verschraenkung/gleiche-Winkel/Start_E_5Grad.swf]
[quantumlab.nat.fau.de/Verschraenkung/gleiche-Winkel/Einzel_5Grad.swf]
[quantumlab.nat.fau.de/Verschraenkung/Hardy/Erklaerung.swf]
[quantumlab.nat.fau.de/Verschraenkung/Hardy/Start_Hardy_E.swf]
[quantumlab.nat.fau.de/Verschraenkung/Hardy/Hardy_E.swf]
[quantumlab.nat.fau.de/Verschraenkung/Uni-Winkel/Start_K_50_50.swf]
[quantumlab.nat.fau.de/Verschraenkung/Uni-Winkel/Start_VKurve.swf]
[quantumlab.nat.fau.de/Verschraenkung/Uni-Winkel/Start_K_5Grad.swf]
[quantumlab.nat.fau.de/Verschraenkung/Uni-Winkel/Konti-50-50.swf]
[quantumlab.nat.fau.de/Verschraenkung/Uni-Winkel/VKurve.swf]
[quantumlab.nat.fau.de/Verschraenkung/Uni-Winkel/Konti_5Grad.swf]
[quantumlab.nat.fau.de/Verschraenkung/Erzeugung/Film-Drehung.swf]
[quantumlab.nat.fau.de/Verschraenkung/Bell/Start_Bell.swf]
[quantumlab.nat.fau.de/Verschraenkung/Bell/Bell.swf]
[quantumlab.nat.fau.de/Verschraenkung/Nichtlokalitaet/Start_Hardy_K.swf]
[quantumlab.nat.fau.de/Verschraenkung/Nichtlokalitaet/Hardy_K.swf]
[quantumlab.nat.fau.de/Interferenz/Grundlagen/Start_Interferenz.swf]
[quantumlab.nat.fau.de/Interferenz/Grundlagen/Film.swf]
[quantumlab.nat.fau.de/Interferenz/Grundlagen/Interferenz.swf]
[quantumlab.nat.fau.de/Interferenz/Unteilbarkeit/Start_Int_Unteilbarkeit.swf]
[quantumlab.nat.fau.de/Interferenz/Unteilbarkeit/Start_Int_g2.swf]
[quantumlab.nat.fau.de/Interferenz/Unteilbarkeit/Interferenz-Unteilbarkeit.swf]
[quantumlab.nat.fau.de/Interferenz/Unteilbarkeit/Interferenz-g2.swf]
[quantumlab.nat.fau.de/Interferenz/Weginformation/Start_Quantenradierer.swf]
[quantumlab.nat.fau.de/Interferenz/Weginformation/Quantenradierer.swf]
[quantumlab.nat.fau.de/Interferenz/Experten/weisses_Licht.swf]
[quantumlab.nat.fau.de/Hong/Kapitel2/Start_Hong.swf]
[quantumlab.nat.fau.de/Hong/Kapitel2/Hong-Dip.swf]
[quantumlab.nat.fau.de/Franson/Franson.swf]
[quantumlab.nat.fau.de/Statistik/Kapitel1/Start_TMD_Aufbau.swf]
[quantumlab.nat.fau.de/Statistik/Kapitel1/TMD_Aufbau.swf]
[quantumlab.nat.fau.de/Statistik/Kapitel2/Start_TMD_Messung.swf]
[quantumlab.nat.fau.de/Statistik/Kapitel2/TMD_Messung.swf]
[backblue.gif]
[fade.gif]
[index.html]
[quantumlab.nat.fau.de/Frames/TOP.html]
[quantumlab.nat.fau.de/Frames/Auswahl.html]
[quantumlab.nat.fau.de/Start/index.html]
[quantumlab.nat.fau.de/index.html]
[quantumlab.nat.fau.de/Frames/Uni-Logo.jpg]
[quantumlab.nat.fau.de/Frames/Spektrum.jpg]
[quantumlab.nat.fau.de/Frames/TOP.html]
[quantumlab.nat.fau.de/Frames/Stylesheet.css]
[quantumlab.nat.fau.de/index-2.html]
[quantumlab.nat.fau.de/Frames/mflag1.jpg]
[quantumlab.nat.fau.de/english/index.html]
[quantumlab.nat.fau.de/Frames/mflag0.jpg]
[quantumlab.nat.fau.de/Konzept/index.html]
[quantumlab.nat.fau.de/Grundlagen/index.html]
[quantumlab.nat.fau.de/Aufbau/index.html]
[quantumlab.nat.fau.de/Koinzidenz/index.html]
[quantumlab.nat.fau.de/Existenz/index.html]
[quantumlab.nat.fau.de/Quantenzufall/index.html]
[quantumlab.nat.fau.de/Kryptographie/index.html]
[quantumlab.nat.fau.de/Verschraenkung/index.html]
[quantumlab.nat.fau.de/Interferenz/index.html]
[quantumlab.nat.fau.de/Hong/index.html]
[quantumlab.nat.fau.de/Franson/index.html]
[quantumlab.nat.fau.de/Statistik/index.html]
[quantumlab.nat.fau.de/Unterricht/index.html]
[quantumlab.nat.fau.de/Literatur/index.html]
[quantumlab.nat.fau.de/Impressum/index.html]
[quantumlab.nat.fau.de/Frames/Auswahl.html]
[quantumlab.nat.fau.de/Frames/Frameset_nachladen.js]
[quantumlab.nat.fau.de/Start/Strahlteiler.jpg]
[quantumlab.nat.fau.de/Start/flag0.jpg]
[quantumlab.nat.fau.de/Start/index.html]
[quantumlab.nat.fau.de/Frames/Stylesheet.css]
[quantumlab.nat.fau.de/index-2.html]
[quantumlab.nat.fau.de/english/frames/top.html]
[quantumlab.nat.fau.de/english/frames/left.html]
[quantumlab.nat.fau.de/english/start/index.html]
[quantumlab.nat.fau.de/english/index.html]
[quantumlab.nat.fau.de/Konzept/index.html]
[quantumlab.nat.fau.de/Scripts/AC_RunActiveContent.js]
[quantumlab.nat.fau.de/Grundlagen/Kapitel1/index.html]
[quantumlab.nat.fau.de/Grundlagen/Kapitel2/index.html]
[quantumlab.nat.fau.de/Grundlagen/Kapitel3/index.html]
[quantumlab.nat.fau.de/Grundlagen/Kapitel2/Prinzip.jpg]
[quantumlab.nat.fau.de/Grundlagen/index.html]
[quantumlab.nat.fau.de/Aufbau/Kapitel1/index.html]
[quantumlab.nat.fau.de/Aufbau/Kapitel2/index.html]
[quantumlab.nat.fau.de/Aufbau/Kapitel3/index.html]
[quantumlab.nat.fau.de/Aufbau/Kapitel1/Quantenoptik.jpg]
[quantumlab.nat.fau.de/Aufbau/index.html]
[quantumlab.nat.fau.de/Koinzidenz/Kapitel1/index.html]
[quantumlab.nat.fau.de/Koinzidenz/Kapitel2/index.html]
[quantumlab.nat.fau.de/Koinzidenz/Kapitel1/Koinzidenz.jpg]
[quantumlab.nat.fau.de/Koinzidenz/index.html]
[quantumlab.nat.fau.de/Existenz/Kapitel1/index.html]
[quantumlab.nat.fau.de/Existenz/Kapitel2/index.html]
[quantumlab.nat.fau.de/Existenz/Kapitel3/index.html]
[quantumlab.nat.fau.de/Existenz/Kapitel1/setupII.jpg]
[quantumlab.nat.fau.de/Existenz/index.html]
[quantumlab.nat.fau.de/Quantenzufall/1Strahlteiler/index.html]
[quantumlab.nat.fau.de/Quantenzufall/Anwendungen/index.html]
[quantumlab.nat.fau.de/Quantenzufall/2Strahlteiler/index.html]
[quantumlab.nat.fau.de/Quantenzufall/1Strahlteiler/Quantenzufallsgenerator.jpg]
[quantumlab.nat.fau.de/Quantenzufall/index.html]
[quantumlab.nat.fau.de/Kryptographie/OneTimePad/index.html]
[quantumlab.nat.fau.de/Kryptographie/QKD-Einfuehrung/index.html]
[quantumlab.nat.fau.de/Kryptographie/QKD/index.html]
[quantumlab.nat.fau.de/Kryptographie/Forschung/index.html]
[quantumlab.nat.fau.de/Kryptographie/V-QKD/index.html]
[quantumlab.nat.fau.de/Kryptographie/QKD/QKD0.jpg]
[quantumlab.nat.fau.de/Kryptographie/index.html]
[quantumlab.nat.fau.de/Kryptographie/OneTimePad/Stiftung.jpg]
[quantumlab.nat.fau.de/Verschraenkung/Grundlagen/index.html]
[quantumlab.nat.fau.de/Verschraenkung/gleiche-Winkel/index.html]
[quantumlab.nat.fau.de/Verschraenkung/Hardy/index.html]
[quantumlab.nat.fau.de/Verschraenkung/Uni-Winkel/index.html]
[quantumlab.nat.fau.de/Verschraenkung/Erzeugung/index.html]
[quantumlab.nat.fau.de/Verschraenkung/Bell/index.html]
[quantumlab.nat.fau.de/Verschraenkung/Nichtlokalitaet/index.html]
[quantumlab.nat.fau.de/Verschraenkung/gleiche-Winkel/Aufbau.jpg]
[quantumlab.nat.fau.de/Verschraenkung/Grundlagen/Stiftung.jpg]
[quantumlab.nat.fau.de/Verschraenkung/index.html]
[quantumlab.nat.fau.de/Interferenz/Grundlagen/index.html]
[quantumlab.nat.fau.de/Interferenz/Photon/index.html]
[quantumlab.nat.fau.de/Interferenz/Unteilbarkeit/index.html]
[quantumlab.nat.fau.de/Interferenz/Weginformation/index.html]
[quantumlab.nat.fau.de/Interferenz/Experten/index.html]
[quantumlab.nat.fau.de/Interferenz/Doppelspalt/index.html]
[quantumlab.nat.fau.de/Interferenz/Grundlagen/Interferenz_klein.jpg]
[quantumlab.nat.fau.de/Interferenz/index.html]
[quantumlab.nat.fau.de/Hong/Kapitel1/index.html]
[quantumlab.nat.fau.de/Hong/Kapitel2/index.html]
[quantumlab.nat.fau.de/Hong/Kapitel1/Strahlteiler.jpg]
[quantumlab.nat.fau.de/Hong/Kapitel1/BS.jpg]
[quantumlab.nat.fau.de/Hong/Kapitel1/Stiftung.jpg]
[quantumlab.nat.fau.de/Hong/index.html]
[quantumlab.nat.fau.de/Franson/Experiment-Schema.jpg]
[quantumlab.nat.fau.de/Franson/Aufbau-Seite.jpg]
[quantumlab.nat.fau.de/Franson/Daten-Franson.txt]
[quantumlab.nat.fau.de/Franson/index.html]
[quantumlab.nat.fau.de/Statistik/Kapitel1/index.html]
[quantumlab.nat.fau.de/Statistik/Kapitel2/index.html]
[quantumlab.nat.fau.de/Statistik/Kapitel3/index.html]
[quantumlab.nat.fau.de/Statistik/index.html]
[quantumlab.nat.fau.de/Statistik/Kapitel1/TMD2.jpg]
[quantumlab.nat.fau.de/Unterricht/Umfragen/index.html]
[quantumlab.nat.fau.de/Unterricht/logo.jpg]
[quantumlab.nat.fau.de/Unterricht/Anforderung_Passwort.pdf]
[quantumlab.nat.fau.de/Unterricht/Unterricht.jpg]
[quantumlab.nat.fau.de/Unterricht/index.html]
[quantumlab.nat.fau.de/Literatur/index.html]
[quantumlab.nat.fau.de/Impressum/Person.jpg]
[quantumlab.nat.fau.de/Impressum/Personen0.jpg]
[quantumlab.nat.fau.de/Impressum/Personen1.jpg]
[quantumlab.nat.fau.de/Impressum/Personen3.jpg]
[quantumlab.nat.fau.de/Impressum/Person4.jpg]
[quantumlab.nat.fau.de/Impressum/bier.jpg]
[quantumlab.nat.fau.de/Impressum/Stelle.pdf]
[quantumlab.nat.fau.de/Impressum/Artikel_31_03_09.jpg]
[quantumlab.nat.fau.de/Impressum/Artikel_15_04_09.jpg]
[quantumlab.nat.fau.de/Impressum/Bosch.jpg]
[quantumlab.nat.fau.de/Impressum/Stiftung.jpg]
[quantumlab.nat.fau.de/Impressum/Cusanuswerk.jpg]
[quantumlab.nat.fau.de/Impressum/junge_Akademie.jpg]
[quantumlab.nat.fau.de/Impressum/index.html]
[quantumlab.nat.fau.de/english/frames/Uni-Logo.jpg]
[quantumlab.nat.fau.de/english/frames/top.html]
[quantumlab.nat.fau.de/english/frames/Spektrum.jpg]
[quantumlab.nat.fau.de/english/frames/mflag0.jpg]
[quantumlab.nat.fau.de/english/frames/mflag1.jpg]
[quantumlab.nat.fau.de/english/concept/index.html]
[quantumlab.nat.fau.de/english/basis/index.html]
[quantumlab.nat.fau.de/english/setup/index.html]
[quantumlab.nat.fau.de/english/coincidence/index.html]
[quantumlab.nat.fau.de/english/existence/index.html]
[quantumlab.nat.fau.de/english/random/index.html]
[quantumlab.nat.fau.de/english/entanglement/index.html]
[quantumlab.nat.fau.de/english/cryptography/index.html]
[quantumlab.nat.fau.de/english/interference/index.html]
[quantumlab.nat.fau.de/english/statistic/index.html]
[quantumlab.nat.fau.de/english/hom-interference/index.html]
[quantumlab.nat.fau.de/english/franson/index.html]
[quantumlab.nat.fau.de/english/literature/index.html]
[quantumlab.nat.fau.de/english/imprint/index.html]
[quantumlab.nat.fau.de/english/frames/left.html]
[quantumlab.nat.fau.de/english/frames/Frameset_nachladen.js]
[quantumlab.nat.fau.de/english/start/Strahlteiler.jpg]
[quantumlab.nat.fau.de/english/start/flag1.jpg]
[quantumlab.nat.fau.de/english/start/index.html]
[quantumlab.nat.fau.de/Grundlagen/Kapitel1/SkizzeAbschw.jpg]
[quantumlab.nat.fau.de/Grundlagen/Kapitel1/Detektionen.jpg]
[quantumlab.nat.fau.de/Grundlagen/Kapitel1/Graph1.jpg]
[quantumlab.nat.fau.de/Grundlagen/Kapitel1/Graph2.jpg]
[quantumlab.nat.fau.de/Grundlagen/Kapitel1/Graph3.jpg]
[quantumlab.nat.fau.de/Grundlagen/Kapitel1/Graph0.jpg]
[quantumlab.nat.fau.de/Grundlagen/Kapitel1/Graphonly.jpg]
[quantumlab.nat.fau.de/Grundlagen/Kapitel1/index.html]
[quantumlab.nat.fau.de/Grundlagen/Kapitel2/Kristall.jpg]
[quantumlab.nat.fau.de/Grundlagen/Kapitel2/PDC.jpg]
[quantumlab.nat.fau.de/Grundlagen/Kapitel2/index.html]
[quantumlab.nat.fau.de/Grundlagen/Kapitel3/PBS.jpg]
[quantumlab.nat.fau.de/Grundlagen/Kapitel3/PBSK.jpg]
[quantumlab.nat.fau.de/Grundlagen/Kapitel3/QuelleII.jpg]
[quantumlab.nat.fau.de/Grundlagen/Kapitel3/BS.jpg]
[quantumlab.nat.fau.de/Grundlagen/Kapitel3/Daten_Malus.txt]
[quantumlab.nat.fau.de/Grundlagen/Kapitel3/index.html]
[quantumlab.nat.fau.de/Aufbau/Kapitel1/index.html]
[quantumlab.nat.fau.de/Aufbau/Kapitel2/index.html]
[quantumlab.nat.fau.de/Aufbau/Kapitel3/APD-DetektorI.jpg]
[quantumlab.nat.fau.de/Aufbau/Kapitel3/Datenerfassung.jpg]
[quantumlab.nat.fau.de/Aufbau/Kapitel3/Detektoren.jpg]
[quantumlab.nat.fau.de/Aufbau/Kapitel3/index.html]
[quantumlab.nat.fau.de/Koinzidenz/Kapitel1/index.html]
[quantumlab.nat.fau.de/Koinzidenz/Kapitel2/Koinzidenz.jpg]
[quantumlab.nat.fau.de/Koinzidenz/Kapitel2/Formel.jpg]
[quantumlab.nat.fau.de/Koinzidenz/Kapitel2/Koinzidenz_Einzelereignisse.txt]
[quantumlab.nat.fau.de/Koinzidenz/Kapitel2/Koinzidenz_Daten.txt]
[quantumlab.nat.fau.de/Koinzidenz/Kapitel2/index.html]
[quantumlab.nat.fau.de/Existenz/Kapitel1/Quelle.jpg]
[quantumlab.nat.fau.de/Existenz/Kapitel1/setup.jpg]
[quantumlab.nat.fau.de/Existenz/Kapitel1/Daten-Photon.txt]
[quantumlab.nat.fau.de/Existenz/Kapitel1/index.html]
[quantumlab.nat.fau.de/Existenz/Kapitel2/setup.jpg]
[quantumlab.nat.fau.de/Existenz/Kapitel2/Formel.jpg]
[quantumlab.nat.fau.de/Existenz/Kapitel2/Existenz_Daten.txt]
[quantumlab.nat.fau.de/Existenz/Kapitel2/g2-Daten.txt]
[quantumlab.nat.fau.de/Existenz/Kapitel2/index.html]
[quantumlab.nat.fau.de/Existenz/Kapitel3/setup.jpg]
[quantumlab.nat.fau.de/Existenz/Kapitel3/Statistik_mit_tat.jpg]
[quantumlab.nat.fau.de/Existenz/Kapitel3/Messprotokoll-500%b5W.pdf]
[quantumlab.nat.fau.de/Existenz/Kapitel3/Virtuell.jpg]
[quantumlab.nat.fau.de/Existenz/Kapitel3/Statistik0.jpg]
[quantumlab.nat.fau.de/Existenz/Kapitel3/Formel.jpg]
[quantumlab.nat.fau.de/Existenz/Kapitel3/TMD.jpg]
[quantumlab.nat.fau.de/Existenz/Kapitel3/Daten_Statistik.txt]
[quantumlab.nat.fau.de/Existenz/Kapitel3/index.html]
[quantumlab.nat.fau.de/Quantenzufall/1Strahlteiler/QuelleII.jpg]
[quantumlab.nat.fau.de/Quantenzufall/1Strahlteiler/setup.jpg]
[quantumlab.nat.fau.de/Quantenzufall/1Strahlteiler/index.html]
[quantumlab.nat.fau.de/Quantenzufall/1Strahlteiler/Quantenzufalll.txt]
[quantumlab.nat.fau.de/Quantenzufall/Anwendungen/Quantum_Random.pdf]
[quantumlab.nat.fau.de/Quantenzufall/Anwendungen/Testbericht.pdf]
[quantumlab.nat.fau.de/Quantenzufall/Anwendungen/Quantis.jpg]
[quantumlab.nat.fau.de/Quantenzufall/Anwendungen/1.mp3]
[quantumlab.nat.fau.de/Quantenzufall/Anwendungen/2.mp3]
[quantumlab.nat.fau.de/Quantenzufall/Anwendungen/3.mp3]
[quantumlab.nat.fau.de/Quantenzufall/Anwendungen/4.mp3]
[quantumlab.nat.fau.de/Quantenzufall/Anwendungen/5.mp3]
[quantumlab.nat.fau.de/Quantenzufall/Anwendungen/index.html]
[quantumlab.nat.fau.de/Quantenzufall/2Strahlteiler/1BS.jpg]
[quantumlab.nat.fau.de/Quantenzufall/2Strahlteiler/2BS.jpg]
[quantumlab.nat.fau.de/Quantenzufall/2Strahlteiler/Korrelation.jpg]
[quantumlab.nat.fau.de/Quantenzufall/2Strahlteiler/Programm.zip]
[quantumlab.nat.fau.de/Quantenzufall/2Strahlteiler/ConeView.jpg]
[quantumlab.nat.fau.de/Quantenzufall/2Strahlteiler/Daten-Einzel-50-50.txt]
[quantumlab.nat.fau.de/Quantenzufall/2Strahlteiler/index.html]
[quantumlab.nat.fau.de/Kryptographie/OneTimePad/Quantenzufallsgenerator.jpg]
[quantumlab.nat.fau.de/Kryptographie/OneTimePad/index.html]
[quantumlab.nat.fau.de/Kryptographie/QKD-Einfuehrung/Polarisation.jpg]
[quantumlab.nat.fau.de/Kryptographie/QKD-Einfuehrung/Quantenkrypto.jpg]
[quantumlab.nat.fau.de/Kryptographie/QKD-Einfuehrung/Dreher.jpg]
[quantumlab.nat.fau.de/Kryptographie/QKD-Einfuehrung/WP0-90.jpg]
[quantumlab.nat.fau.de/Kryptographie/QKD-Einfuehrung/Spion.jpg]
[quantumlab.nat.fau.de/Kryptographie/QKD-Einfuehrung/QKD-Zufall.txt]
[quantumlab.nat.fau.de/Kryptographie/QKD-Einfuehrung/QKD-Einzelereignisse.txt]
[quantumlab.nat.fau.de/Kryptographie/QKD-Einfuehrung/QKD-Konti.txt]
[quantumlab.nat.fau.de/Kryptographie/QKD-Einfuehrung/index.html]
[quantumlab.nat.fau.de/Kryptographie/QKD/Zuordnung.jpg]
[quantumlab.nat.fau.de/Kryptographie/QKD/TabelleQKD.jpg]
[quantumlab.nat.fau.de/Kryptographie/QKD/WP-4.jpg]
[quantumlab.nat.fau.de/Kryptographie/QKD/WP-2.jpg]
[quantumlab.nat.fau.de/Kryptographie/QKD/WP-AUTO.jpg]
[quantumlab.nat.fau.de/Kryptographie/QKD/Liste1.jpg]
[quantumlab.nat.fau.de/Kryptographie/QKD/Liste0.jpg]
[quantumlab.nat.fau.de/Kryptographie/QKD/Eve1.jpg]
[quantumlab.nat.fau.de/Kryptographie/QKD/Tab-Eve.jpg]
[quantumlab.nat.fau.de/Kryptographie/QKD/QKD-Zufall.txt]
[quantumlab.nat.fau.de/Kryptographie/QKD/QKD-Einzelereignisse.txt]
[quantumlab.nat.fau.de/Kryptographie/QKD/QKD-Konti.txt]
[quantumlab.nat.fau.de/Kryptographie/QKD/index.html]
[quantumlab.nat.fau.de/Kryptographie/Forschung/SchemaQKD.jpg]
[quantumlab.nat.fau.de/Kryptographie/Forschung/QuelleII.jpg]
[quantumlab.nat.fau.de/Kryptographie/Forschung/index.html]
[quantumlab.nat.fau.de/Kryptographie/V-QKD/Skizze.jpg]
[quantumlab.nat.fau.de/Kryptographie/V-QKD/TabelleV.jpg]
[quantumlab.nat.fau.de/Kryptographie/V-QKD/Tab.jpg]
[quantumlab.nat.fau.de/Kryptographie/V-QKD/Formel-Wigner.jpg]
[quantumlab.nat.fau.de/Kryptographie/V-QKD/V-Experiment.jpg]
[quantumlab.nat.fau.de/Kryptographie/V-QKD/index.html]
[quantumlab.nat.fau.de/Verschraenkung/Grundlagen/KristallK1.jpg]
[quantumlab.nat.fau.de/Verschraenkung/Grundlagen/KristallK2.jpg]
[quantumlab.nat.fau.de/Verschraenkung/Grundlagen/Quelle.jpg]
[quantumlab.nat.fau.de/Verschraenkung/Grundlagen/Daten-Einzel-50-50.txt]
[quantumlab.nat.fau.de/Verschraenkung/Grundlagen/index.html]
[quantumlab.nat.fau.de/Verschraenkung/gleiche-Winkel/Strahlteiler.jpg]
[quantumlab.nat.fau.de/Verschraenkung/gleiche-Winkel/PBSK.jpg]
[quantumlab.nat.fau.de/Verschraenkung/gleiche-Winkel/index.html]
[quantumlab.nat.fau.de/Verschraenkung/gleiche-Winkel/Daten_Einzeln.txt]
[quantumlab.nat.fau.de/Verschraenkung/Hardy/Skizze.jpg]
[quantumlab.nat.fau.de/Verschraenkung/Hardy/TabelleGr.jpg]
[quantumlab.nat.fau.de/Verschraenkung/Hardy/Experiment.jpg]
[quantumlab.nat.fau.de/Verschraenkung/Hardy/WP.jpg]
[quantumlab.nat.fau.de/Verschraenkung/Hardy/ListeHardy.xls]
[quantumlab.nat.fau.de/Verschraenkung/Hardy/index.html]
[quantumlab.nat.fau.de/Verschraenkung/Hardy/Daten-Hardy-einzeln.txt]
[quantumlab.nat.fau.de/Verschraenkung/Uni-Winkel/Aufbau.jpg]
[quantumlab.nat.fau.de/Verschraenkung/Uni-Winkel/Formel2.jpg]
[quantumlab.nat.fau.de/Verschraenkung/Uni-Winkel/Formel3.jpg]
[quantumlab.nat.fau.de/Verschraenkung/Uni-Winkel/Daten-50-50.txt]
[quantumlab.nat.fau.de/Verschraenkung/Uni-Winkel/Daten_Winkel.txt]
[quantumlab.nat.fau.de/Verschraenkung/Uni-Winkel/Daten_Malus.txt]
[quantumlab.nat.fau.de/Verschraenkung/Uni-Winkel/Daten_Malus_V.txt]
[quantumlab.nat.fau.de/Verschraenkung/Uni-Winkel/index.html]
[quantumlab.nat.fau.de/Verschraenkung/Erzeugung/VerschraenkungI2.jpg]
[quantumlab.nat.fau.de/Verschraenkung/Erzeugung/ohneV.jpg]
[quantumlab.nat.fau.de/Verschraenkung/Erzeugung/Fluoreszenz.jpg]
[quantumlab.nat.fau.de/Verschraenkung/Erzeugung/Verschraenk1.jpg]
[quantumlab.nat.fau.de/Verschraenkung/Erzeugung/mitV.jpg]
[quantumlab.nat.fau.de/Verschraenkung/Erzeugung/KristallII5.jpg]
[quantumlab.nat.fau.de/Verschraenkung/Erzeugung/Kwiat-Detail.jpg]
[quantumlab.nat.fau.de/Verschraenkung/Erzeugung/zweiter-Ring.jpg]
[quantumlab.nat.fau.de/Verschraenkung/Erzeugung/erster-Ring.jpg]
[quantumlab.nat.fau.de/Verschraenkung/Erzeugung/Beide-Ringe.jpg]
[quantumlab.nat.fau.de/Verschraenkung/Erzeugung/Entanglement.jpg]
[quantumlab.nat.fau.de/Verschraenkung/Erzeugung/Iris-Kegel.jpg]
[quantumlab.nat.fau.de/Verschraenkung/Erzeugung/Iris-Detektor.jpg]
[quantumlab.nat.fau.de/Verschraenkung/Erzeugung/index.html]
[quantumlab.nat.fau.de/Verschraenkung/Bell/V-Formel.jpg]
[quantumlab.nat.fau.de/Verschraenkung/Bell/Formel-Phase.jpg]
[quantumlab.nat.fau.de/Verschraenkung/Bell/Graph-Phi.jpg]
[quantumlab.nat.fau.de/Verschraenkung/Bell/Bell-Ungleichungen.jpg]
[quantumlab.nat.fau.de/Verschraenkung/Bell/Phase.jpg]
[quantumlab.nat.fau.de/Verschraenkung/Bell/Zustand.jpg]
[quantumlab.nat.fau.de/Verschraenkung/Bell/Daten-4-Bell.txt]
[quantumlab.nat.fau.de/Verschraenkung/Bell/index.html]
[quantumlab.nat.fau.de/Verschraenkung/Nichtlokalitaet/Formel-CHSH.jpg]
[quantumlab.nat.fau.de/Verschraenkung/Nichtlokalitaet/Heusler.jpg]
[quantumlab.nat.fau.de/Verschraenkung/Nichtlokalitaet/FormelWigI.jpg]
[quantumlab.nat.fau.de/Verschraenkung/Nichtlokalitaet/FormelWigII.jpg]
[quantumlab.nat.fau.de/Verschraenkung/Nichtlokalitaet/Formel-H.jpg]
[quantumlab.nat.fau.de/Verschraenkung/Nichtlokalitaet/Hardy-Ungleichung.jpg]
[quantumlab.nat.fau.de/Verschraenkung/Nichtlokalitaet/Daten-Hardy-konti.txt]
[quantumlab.nat.fau.de/Verschraenkung/Nichtlokalitaet/index.html]
[quantumlab.nat.fau.de/Interferenz/Grundlagen/Wasser-Interferenz.jpg]
[quantumlab.nat.fau.de/Interferenz/Grundlagen/Interferometer-Mach-Zehnder.jpg]
[quantumlab.nat.fau.de/Interferenz/Grundlagen/Interferometer-Michelson.jpg]
[quantumlab.nat.fau.de/Interferenz/Grundlagen/Interferometer.jpg]
[quantumlab.nat.fau.de/Interferenz/Grundlagen/index.html]
[quantumlab.nat.fau.de/Interferenz/Photon/Interferometer.jpg]
[quantumlab.nat.fau.de/Interferenz/Photon/InterferometerIII.jpg]
[quantumlab.nat.fau.de/Interferenz/Photon/Koinzidenz.jpg]
[quantumlab.nat.fau.de/Interferenz/Photon/Quelle.jpg]
[quantumlab.nat.fau.de/Interferenz/Photon/Daten_Interferenz.txt]
[quantumlab.nat.fau.de/Interferenz/Photon/index.html]
[quantumlab.nat.fau.de/Interferenz/Unteilbarkeit/Interferometer.jpg]
[quantumlab.nat.fau.de/Interferenz/Unteilbarkeit/index.html]
[quantumlab.nat.fau.de/Interferenz/Unteilbarkeit/Daten_g2_Int.txt]
[quantumlab.nat.fau.de/Interferenz/Weginformation/InterfrometerII.jpg]
[quantumlab.nat.fau.de/Interferenz/Weginformation/InterferometerI.jpg]
[quantumlab.nat.fau.de/Interferenz/Weginformation/InterferometerIII.jpg]
[quantumlab.nat.fau.de/Interferenz/Weginformation/index.html]
[quantumlab.nat.fau.de/Interferenz/Weginformation/Daten_Quantenradierer.txt]
[quantumlab.nat.fau.de/Interferenz/Experten/Quelle.jpg]
[quantumlab.nat.fau.de/Interferenz/Experten/Quelle_Exp.jpg]
[quantumlab.nat.fau.de/Interferenz/Experten/Formel.jpg]
[quantumlab.nat.fau.de/Interferenz/Experten/Interferenz.jpg]
[quantumlab.nat.fau.de/Interferenz/Experten/Interferenz-Vergleich.jpg]
[quantumlab.nat.fau.de/Interferenz/Experten/Weisslichtinterferometer.jpg]
[quantumlab.nat.fau.de/Interferenz/Experten/index.html]
[quantumlab.nat.fau.de/Interferenz/Experten/Daten_Energiekorrelation.txt]
[quantumlab.nat.fau.de/Interferenz/Doppelspalt/simple.jpg]
[quantumlab.nat.fau.de/Interferenz/Doppelspalt/Doppelspalt.jpg]
[quantumlab.nat.fau.de/Interferenz/Doppelspalt/Theorie.jpg]
[quantumlab.nat.fau.de/Interferenz/Doppelspalt/DShell1.jpg]
[quantumlab.nat.fau.de/Interferenz/Doppelspalt/DShell2.jpg]
[quantumlab.nat.fau.de/Interferenz/Doppelspalt/DS.jpg]
[quantumlab.nat.fau.de/Interferenz/Doppelspalt/Experiment.jpg]
[quantumlab.nat.fau.de/Interferenz/Doppelspalt/DSMesskurve.jpg]
[quantumlab.nat.fau.de/Schuelerlabor/index.html]
[quantumlab.nat.fau.de/Interferenz/Doppelspalt/Interferometer.jpg]
[quantumlab.nat.fau.de/Interferenz/Doppelspalt/Quantenradierer.jpg]
[quantumlab.nat.fau.de/Interferenz/Doppelspalt/Daten_Doppelspalt.txt]
[quantumlab.nat.fau.de/Interferenz/Doppelspalt/index.html]
[quantumlab.nat.fau.de/Hong/Kapitel1/Moeglichkeiten.jpg]
[quantumlab.nat.fau.de/Hong/Kapitel1/Quelle.jpg]
[quantumlab.nat.fau.de/Hong/Kapitel1/index.html]
[quantumlab.nat.fau.de/Hong/Kapitel2/Ex1.jpg]
[quantumlab.nat.fau.de/Hong/Kapitel2/index.html]
[quantumlab.nat.fau.de/Hong/Kapitel2/Daten-HOM-dip.txt]
[quantumlab.nat.fau.de/Statistik/Kapitel1/TMDSkizze.jpg]
[quantumlab.nat.fau.de/Statistik/Kapitel1/Strahlteiler_Exp.jpg]
[quantumlab.nat.fau.de/Statistik/Kapitel1/Verzoegerung.jpg]
[quantumlab.nat.fau.de/Statistik/Kapitel1/index.html]
[quantumlab.nat.fau.de/Statistik/Kapitel2/Rechnung.jpg]
[quantumlab.nat.fau.de/Statistik/Kapitel2/Oszi_TMD.jpg]
[quantumlab.nat.fau.de/Statistik/Kapitel2/VerlustM.jpg]
[quantumlab.nat.fau.de/Statistik/Kapitel2/TMD1.jpg]
[quantumlab.nat.fau.de/Statistik/Kapitel2/TMD0.jpg]
[quantumlab.nat.fau.de/Statistik/Kapitel2/FaltungsM.jpg]
[quantumlab.nat.fau.de/Statistik/Kapitel2/Daten/10uW_Leistung.pdf]
[quantumlab.nat.fau.de/Statistik/Kapitel2/Daten/9uW_Leistung.pdf]
[quantumlab.nat.fau.de/Statistik/Kapitel2/Daten/8uW_Leistung.pdf]
[quantumlab.nat.fau.de/Statistik/Kapitel2/Daten/7uW_Leistung.pdf]
[quantumlab.nat.fau.de/Statistik/Kapitel2/Daten/6uW_Leistung.pdf]
[quantumlab.nat.fau.de/Statistik/Kapitel2/Daten/5uW_Leistung.pdf]
[quantumlab.nat.fau.de/Statistik/Kapitel2/Daten/4uW_Leistung.pdf]
[quantumlab.nat.fau.de/Statistik/Kapitel2/Daten/3uW_Leistung.pdf]
[quantumlab.nat.fau.de/Statistik/Kapitel2/Daten/2uW_Leistung.pdf]
[quantumlab.nat.fau.de/Statistik/Kapitel2/Daten/1uW_Leistung.pdf]
[quantumlab.nat.fau.de/Statistik/Kapitel2/Daten/100nW_Leistung.pdf]
[quantumlab.nat.fau.de/Statistik/Kapitel2/index.html]
[quantumlab.nat.fau.de/Statistik/Kapitel3/Joint-Messung.jpg]
[quantumlab.nat.fau.de/Statistik/Kapitel3/Quelle-Statistik.pdf]
[quantumlab.nat.fau.de/Statistik/Kapitel3/TMDJoint.jpg]
[quantumlab.nat.fau.de/Statistik/Kapitel3/Thermisch.jpg]
[quantumlab.nat.fau.de/Statistik/Kapitel3/Poisson.jpg]
[quantumlab.nat.fau.de/Statistik/Kapitel3/Quanten.jpg]
[quantumlab.nat.fau.de/Statistik/Kapitel3/TMD.jpg]
[quantumlab.nat.fau.de/Statistik/Kapitel3/index.html]
[quantumlab.nat.fau.de/Unterricht/Umfragen/Lerntagebuch.jpg]
[quantumlab.nat.fau.de/Unterricht/Umfragen/LT-Philosophie.jpg]
[quantumlab.nat.fau.de/Unterricht/Umfragen/LT-Zufall.jpg]
[quantumlab.nat.fau.de/Unterricht/Umfragen/LT-Quelle.jpg]
[quantumlab.nat.fau.de/Unterricht/Umfragen/LT-Verstand.jpg]
[quantumlab.nat.fau.de/Unterricht/Umfragen/LT-Krypto.jpg]
[quantumlab.nat.fau.de/Unterricht/Umfragen/LT-Labor.jpg]
[quantumlab.nat.fau.de/Unterricht/Umfragen/Hir_ES.jpg]
[quantumlab.nat.fau.de/Unterricht/Umfragen/index.html]
[quantumlab.nat.fau.de/Unterricht/Einheit/index.html]
[quantumlab.nat.fau.de/english/concept/index.html]
[quantumlab.nat.fau.de/english/basis/Laser.jpg]
[quantumlab.nat.fau.de/english/basis/Detektionen.jpg]
[quantumlab.nat.fau.de/english/basis/Prinzip.jpg]
[quantumlab.nat.fau.de/english/basis/Kristall.jpg]
[quantumlab.nat.fau.de/english/basis/PDC.jpg]
[quantumlab.nat.fau.de/english/basis/PBS.jpg]
[quantumlab.nat.fau.de/english/basis/PBSK.jpg]
[quantumlab.nat.fau.de/english/basis/QuelleII.jpg]
[quantumlab.nat.fau.de/english/basis/start_Malus_EN.swf]
[quantumlab.nat.fau.de/english/basis/datas_Malus_law.txt]
[quantumlab.nat.fau.de/english/basis/index.html]
[quantumlab.nat.fau.de/english/Scripts/AC_RunActiveContent.js]
[quantumlab.nat.fau.de/english/setup/start_setup.swf]
[quantumlab.nat.fau.de/english/setup/APD-DetektorI.jpg]
[quantumlab.nat.fau.de/english/setup/Datenerfassung.jpg]
[quantumlab.nat.fau.de/english/setup/index.html]
[quantumlab.nat.fau.de/english/coincidence/Koinzidenz.jpg]
[quantumlab.nat.fau.de/english/coincidence/start_coincidence_S.swf]
[quantumlab.nat.fau.de/english/coincidence/Coincidence.jpg]
[quantumlab.nat.fau.de/english/coincidence/start_coincidence_C.swf]
[quantumlab.nat.fau.de/english/coincidence/datas_coincidence_single.txt]
[quantumlab.nat.fau.de/english/coincidence/datas_coincidence_continous.txt]
[quantumlab.nat.fau.de/english/coincidence/index.html]
[quantumlab.nat.fau.de/english/existence/setup.jpg]
[quantumlab.nat.fau.de/english/existence/start_existence_S.swf]
[quantumlab.nat.fau.de/english/existence/start_existence_c.swf]
[quantumlab.nat.fau.de/english/existence/Formel.jpg]
[quantumlab.nat.fau.de/english/existence/start_existence_g2.swf]
[quantumlab.nat.fau.de/english/existence/PhotonenstatistikK.jpg]
[quantumlab.nat.fau.de/english/existence/PhotonenstatistikU.jpg]
[quantumlab.nat.fau.de/english/existence/datas-existence.txt]
[quantumlab.nat.fau.de/english/existence/datas-photon.txt]
[quantumlab.nat.fau.de/english/existence/datas-g2.txt]
[quantumlab.nat.fau.de/english/existence/index.html]
[quantumlab.nat.fau.de/english/random/1BS/index.html]
[quantumlab.nat.fau.de/english/random/applications/index.html]
[quantumlab.nat.fau.de/english/random/2BS/index.html]
[quantumlab.nat.fau.de/english/random/1BS/Quantenzufallsgenerator.jpg]
[quantumlab.nat.fau.de/english/random/index.html]
[quantumlab.nat.fau.de/english/entanglement/basics_I/index.html]
[quantumlab.nat.fau.de/english/entanglement/basics_II/index.html]
[quantumlab.nat.fau.de/english/entanglement/Hardy/index.html]
[quantumlab.nat.fau.de/english/entanglement/baics-advanced/index.html]
[quantumlab.nat.fau.de/english/entanglement/generation/index.html]
[quantumlab.nat.fau.de/english/entanglement/Bell/index.html]
[quantumlab.nat.fau.de/english/entanglement/nonlocality/index.html]
[quantumlab.nat.fau.de/english/entanglement/basics_II/sketch.jpg]
[quantumlab.nat.fau.de/english/imprint/Stiftung.jpg]
[quantumlab.nat.fau.de/english/entanglement/index.html]
[quantumlab.nat.fau.de/english/cryptography/OneTimePad/index.html]
[quantumlab.nat.fau.de/english/cryptography/QCD-Start/index.html]
[quantumlab.nat.fau.de/english/cryptography/QCD/index.html]
[quantumlab.nat.fau.de/english/cryptography/research/index.html]
[quantumlab.nat.fau.de/english/cryptography/V-QCD/index.html]
[quantumlab.nat.fau.de/english/cryptography/QCD/Quantenkrypto.jpg]
[quantumlab.nat.fau.de/english/cryptography/OneTimePad/Stiftung.jpg]
[quantumlab.nat.fau.de/english/cryptography/index.html]
[quantumlab.nat.fau.de/english/interference/Grundlagen/index.html]
[quantumlab.nat.fau.de/english/interference/Photon/index.html]
[quantumlab.nat.fau.de/english/interference/Unteilbarkeit/index.html]
[quantumlab.nat.fau.de/english/interference/Weginformation/index.html]
[quantumlab.nat.fau.de/english/interference/Experten/index.html]
[quantumlab.nat.fau.de/english/interference/Doppelspalt/index.html]
[quantumlab.nat.fau.de/english/interference/Grundlagen/Interferenz_klein.jpg]
[quantumlab.nat.fau.de/english/interference/index.html]
[quantumlab.nat.fau.de/english/statistic/Kapitel1/index.html]
[quantumlab.nat.fau.de/english/statistic/Kapitel2/index.html]
[quantumlab.nat.fau.de/english/statistic/Kapitel3/index.html]
[quantumlab.nat.fau.de/english/statistic/Kapitel1/TMD2.jpg]
[quantumlab.nat.fau.de/english/statistic/index.html]
[quantumlab.nat.fau.de/english/hom-interference/Kapitel1/index.html]
[quantumlab.nat.fau.de/english/hom-interference/Kapitel2/index.html]
[quantumlab.nat.fau.de/english/hom-interference/Kapitel1/Strahlteiler.jpg]
[quantumlab.nat.fau.de/english/hom-interference/Kapitel1/BS.jpg]
[quantumlab.nat.fau.de/english/hom-interference/Kapitel1/Stiftung.jpg]
[quantumlab.nat.fau.de/english/hom-interference/index.html]
[quantumlab.nat.fau.de/english/frames/Stylesheet.css]
[quantumlab.nat.fau.de/english/franson/Experiment-Schema.jpg]
[quantumlab.nat.fau.de/english/franson/Aufbau-Seite.jpg]
[quantumlab.nat.fau.de/english/franson/Franson.swf]
[quantumlab.nat.fau.de/english/franson/Daten-Franson.txt]
[quantumlab.nat.fau.de/english/franson/index.html]
[quantumlab.nat.fau.de/english/literature/index.html]
[quantumlab.nat.fau.de/english/imprint/Person.jpg]
[quantumlab.nat.fau.de/english/imprint/Personen0.jpg]
[quantumlab.nat.fau.de/english/imprint/Personen1.jpg]
[quantumlab.nat.fau.de/english/imprint/Personen3.jpg]
[quantumlab.nat.fau.de/english/imprint/Person4.jpg]
[quantumlab.nat.fau.de/english/imprint/bier.jpg]
[quantumlab.nat.fau.de/english/imprint/Stelle.pdf]
[quantumlab.nat.fau.de/english/imprint/Bosch.jpg]
[quantumlab.nat.fau.de/english/imprint/Cusanuswerk.jpg]
[quantumlab.nat.fau.de/english/imprint/junge_Akademie.jpg]
[quantumlab.nat.fau.de/english/imprint/index.html]
[quantumlab.nat.fau.de/Grundlagen/Scripts/AC_RunActiveContent.html]
[quantumlab.nat.fau.de/Aufbau/Scripts/AC_RunActiveContent.html]
[quantumlab.nat.fau.de/Quantenzufall/Existenz/index.html]
[quantumlab.nat.fau.de/Kryptographie/Existenz/index.html]
[quantumlab.nat.fau.de/Interferenz/Scripts/AC_RunActiveContent.html]
[quantumlab.nat.fau.de/Schuelerlabor/Station1/index.html]
[quantumlab.nat.fau.de/Schuelerlabor/Station2/index.html]
[quantumlab.nat.fau.de/Schuelerlabor/Station3a/index.html]
[quantumlab.nat.fau.de/Schuelerlabor/Station3b/index.html]
[quantumlab.nat.fau.de/Schuelerlabor/index.html]
[quantumlab.nat.fau.de/Hong/Scripts/AC_RunActiveContent.html]
[quantumlab.nat.fau.de/Statistik/Kapitel3/Daten/100nW_Leistung.html]
[quantumlab.nat.fau.de/Unterricht/Scripts/AC_RunActiveContent.html]
[quantumlab.nat.fau.de/english/random/1BS/start_random_div.swf]
[quantumlab.nat.fau.de/english/random/1BS/QuelleII.jpg]
[quantumlab.nat.fau.de/english/random/1BS/setup.jpg]
[quantumlab.nat.fau.de/english/random/1BS/start_random.swf]
[quantumlab.nat.fau.de/english/random/1BS/index.html]
[quantumlab.nat.fau.de/english/random/1BS/Quantum_random.txt]
[quantumlab.nat.fau.de/english/random/applications/Quantum_Random.pdf]
[quantumlab.nat.fau.de/english/random/applications/Analysis_08.05.2009_NIST-test.pdf]
[quantumlab.nat.fau.de/english/random/applications/Mozart_EN.swf]
[quantumlab.nat.fau.de/english/random/applications/Quantis.jpg]
[quantumlab.nat.fau.de/english/random/applications/1.mp3]
[quantumlab.nat.fau.de/english/random/applications/2.mp3]
[quantumlab.nat.fau.de/english/random/applications/3.mp3]
[quantumlab.nat.fau.de/english/random/applications/4.mp3]
[quantumlab.nat.fau.de/english/random/applications/index.html]
[quantumlab.nat.fau.de/english/random/applications/5.mp3]
[quantumlab.nat.fau.de/english/random/2BS/1BS.jpg]
[quantumlab.nat.fau.de/english/random/2BS/2BS.jpg]
[quantumlab.nat.fau.de/english/random/2BS/start_entan_single-50-50.swf]
[quantumlab.nat.fau.de/english/random/2BS/Korrelation.jpg]
[quantumlab.nat.fau.de/english/random/2BS/photon_program.zip]
[quantumlab.nat.fau.de/english/random/2BS/ConeView.jpg]
[quantumlab.nat.fau.de/english/random/2BS/data_entanglement_single_event.txt]
[quantumlab.nat.fau.de/english/random/2BS/index.html]
[quantumlab.nat.fau.de/english/entanglement/basics_I/crystal_E.jpg]
[quantumlab.nat.fau.de/english/entanglement/basics_I/crystal_not_E.jpg]
[quantumlab.nat.fau.de/english/entanglement/basics_I/setup.jpg]
[quantumlab.nat.fau.de/english/entanglement/basics_I/start_entan_single-50-50.swf]
[quantumlab.nat.fau.de/english/entanglement/basics_I/data_entanglement_single_event.txt]
[quantumlab.nat.fau.de/english/entanglement/basics_I/index.html]
[quantumlab.nat.fau.de/english/entanglement/basics_II/BS.jpg]
[quantumlab.nat.fau.de/english/entanglement/basics_II/PBSK.jpg]
[quantumlab.nat.fau.de/english/entanglement/basics_II/start_entan_single-5degree.swf]
[quantumlab.nat.fau.de/english/entanglement/basics_II/index.html]
[quantumlab.nat.fau.de/english/entanglement/basics_II/datas_single.txt]
[quantumlab.nat.fau.de/english/entanglement/Hardy/Alice.jpg]
[quantumlab.nat.fau.de/english/entanglement/Hardy/Table.jpg]
[quantumlab.nat.fau.de/english/entanglement/Hardy/explanation.swf]
[quantumlab.nat.fau.de/english/entanglement/Hardy/sketch.jpg]
[quantumlab.nat.fau.de/english/entanglement/Hardy/WP.jpg]
[quantumlab.nat.fau.de/english/entanglement/Hardy/ListHardy.xls]
[quantumlab.nat.fau.de/english/entanglement/Hardy/start_Hardy_Single.swf]
[quantumlab.nat.fau.de/english/entanglement/Hardy/index.html]
[quantumlab.nat.fau.de/english/entanglement/Hardy/data-Hardy-single.txt]
[quantumlab.nat.fau.de/english/entanglement/baics-advanced/setup.jpg]
[quantumlab.nat.fau.de/english/entanglement/baics-advanced/start_entan_conti-50-50.swf]
[quantumlab.nat.fau.de/english/entanglement/baics-advanced/start_entan_conti-5degree.swf]
[quantumlab.nat.fau.de/english/entanglement/baics-advanced/start_V_Plot.swf]
[quantumlab.nat.fau.de/english/entanglement/baics-advanced/Malus_angle.jpg]
[quantumlab.nat.fau.de/english/entanglement/baics-advanced/data_conti_50.txt]
[quantumlab.nat.fau.de/english/entanglement/baics-advanced/data_conti_angle.txt]
[quantumlab.nat.fau.de/english/entanglement/baics-advanced/data_Malus_entang.txt]
[quantumlab.nat.fau.de/english/entanglement/baics-advanced/index.html]
[quantumlab.nat.fau.de/english/entanglement/generation/VerschraenkungI2.jpg]
[quantumlab.nat.fau.de/english/entanglement/generation/Cone_Single.jpg]
[quantumlab.nat.fau.de/english/entanglement/generation/Fluoreszenz.jpg]
[quantumlab.nat.fau.de/english/entanglement/generation/Tilt.swf]
[quantumlab.nat.fau.de/english/entanglement/generation/Verschraenk1.jpg]
[quantumlab.nat.fau.de/english/entanglement/generation/Cone-both.jpg]
[quantumlab.nat.fau.de/english/entanglement/generation/KristallII5.jpg]
[quantumlab.nat.fau.de/english/entanglement/generation/Kwiat-Detail.jpg]
[quantumlab.nat.fau.de/english/entanglement/generation/zweiter-Ring.jpg]
[quantumlab.nat.fau.de/english/entanglement/generation/erster-Ring.jpg]
[quantumlab.nat.fau.de/english/entanglement/generation/Beide-Ringe.jpg]
[quantumlab.nat.fau.de/english/entanglement/generation/Entanglement.jpg]
[quantumlab.nat.fau.de/english/entanglement/generation/Cone_Cut.jpg]
[quantumlab.nat.fau.de/english/entanglement/generation/Iris-Detektor.jpg]
[quantumlab.nat.fau.de/english/entanglement/generation/index.html]
[quantumlab.nat.fau.de/english/entanglement/Bell/V-Formel.jpg]
[quantumlab.nat.fau.de/english/entanglement/Bell/Formel-Phase.jpg]
[quantumlab.nat.fau.de/english/entanglement/Bell/Plot.jpg]
[quantumlab.nat.fau.de/english/entanglement/Bell/Bell-Ungleichungen.jpg]
[quantumlab.nat.fau.de/english/entanglement/Bell/Zustand.jpg]
[quantumlab.nat.fau.de/english/entanglement/Bell/Phase.jpg]
[quantumlab.nat.fau.de/english/entanglement/Bell/start_Bell_EN.swf]
[quantumlab.nat.fau.de/english/entanglement/Bell/data_Bell.txt]
[quantumlab.nat.fau.de/english/entanglement/Bell/index.html]
[quantumlab.nat.fau.de/english/entanglement/nonlocality/Formel-CHSH.jpg]
[quantumlab.nat.fau.de/english/entanglement/nonlocality/Wigner.jpg]
[quantumlab.nat.fau.de/english/entanglement/nonlocality/Formel-H.jpg]
[quantumlab.nat.fau.de/english/entanglement/nonlocality/start_Hardy_conti.swf]
[quantumlab.nat.fau.de/english/entanglement/nonlocality/data-Hardy-conti.txt]
[quantumlab.nat.fau.de/english/entanglement/nonlocality/index.html]
[quantumlab.nat.fau.de/english/cryptography/OneTimePad/QKD-E-Erkl.swf]
[quantumlab.nat.fau.de/english/cryptography/OneTimePad/index.html]
[quantumlab.nat.fau.de/english/cryptography/OneTimePad/Quantenzufall.jpg]
[quantumlab.nat.fau.de/english/cryptography/QCD-Start/Pfeil.jpg]
[quantumlab.nat.fau.de/english/cryptography/QCD-Start/Quantenkrypto.jpg]
[quantumlab.nat.fau.de/english/cryptography/QCD-Start/Dreher.jpg]
[quantumlab.nat.fau.de/english/cryptography/QCD-Start/WP0-90.jpg]
[quantumlab.nat.fau.de/english/cryptography/QCD-Start/start_QKD_En.swf]
[quantumlab.nat.fau.de/english/cryptography/QCD-Start/Eve.jpg]
[quantumlab.nat.fau.de/english/cryptography/QCD-Start/random-datas.txt]
[quantumlab.nat.fau.de/english/cryptography/QCD-Start/QKD-single-events.txt]
[quantumlab.nat.fau.de/english/cryptography/QCD-Start/QKD-Konti.txt]
[quantumlab.nat.fau.de/english/cryptography/QCD-Start/index.html]
[quantumlab.nat.fau.de/english/cryptography/QCD/Pfeil.jpg]
[quantumlab.nat.fau.de/english/cryptography/QCD/TabelleQKD.jpg]
[quantumlab.nat.fau.de/english/cryptography/QCD/WP-4.jpg]
[quantumlab.nat.fau.de/english/cryptography/QCD/WP-2.jpg]
[quantumlab.nat.fau.de/english/cryptography/QCD/WP-AUTO.jpg]
[quantumlab.nat.fau.de/english/cryptography/QCD/start_QKD_En.swf]
[quantumlab.nat.fau.de/english/cryptography/QCD/Tab0.jpg]
[quantumlab.nat.fau.de/english/cryptography/QCD/Tab1.jpg]
[quantumlab.nat.fau.de/english/cryptography/QCD/Eve.jpg]
[quantumlab.nat.fau.de/english/cryptography/QCD/Tab-Eve.jpg]
[quantumlab.nat.fau.de/english/cryptography/QCD/random-datas.txt]
[quantumlab.nat.fau.de/english/cryptography/QCD/QKD-single-events.txt]
[quantumlab.nat.fau.de/english/cryptography/QCD/QKD-Konti.txt]
[quantumlab.nat.fau.de/english/cryptography/QCD/index.html]
[quantumlab.nat.fau.de/english/cryptography/research/SchemaQKD.jpg]
[quantumlab.nat.fau.de/english/cryptography/research/QuelleII.jpg]
[quantumlab.nat.fau.de/english/cryptography/research/index.html]
[quantumlab.nat.fau.de/english/cryptography/V-QCD/entangled.jpg]
[quantumlab.nat.fau.de/english/cryptography/V-QCD/Tabelle.jpg]
[quantumlab.nat.fau.de/english/cryptography/V-QCD/Tab.jpg]
[quantumlab.nat.fau.de/english/cryptography/V-QCD/Formel-Wigner.jpg]
[quantumlab.nat.fau.de/english/cryptography/V-QCD/V-Experiment.jpg]
[quantumlab.nat.fau.de/english/cryptography/V-QCD/index.html]
[quantumlab.nat.fau.de/english/Existenz/index.html]
[quantumlab.nat.fau.de/english/Quantenzufall/index.html]
[quantumlab.nat.fau.de/english/interference/Grundlagen/Wasser-Interferenz.jpg]
[quantumlab.nat.fau.de/english/interference/Grundlagen/Interferometer-Mach-Zehnder.jpg]
[quantumlab.nat.fau.de/english/interference/Grundlagen/Interferometer-Michelson.jpg]
[quantumlab.nat.fau.de/english/interference/Grundlagen/Interferometer.jpg]
[quantumlab.nat.fau.de/english/interference/Grundlagen/Film.swf]
[quantumlab.nat.fau.de/english/interference/Grundlagen/index.html]
[quantumlab.nat.fau.de/english/interference/Grundlagen/Start_Interferenz.swf]
[quantumlab.nat.fau.de/english/interference/Photon/Interferometer.jpg]
[quantumlab.nat.fau.de/english/interference/Photon/InterferometerIII.jpg]
[quantumlab.nat.fau.de/english/interference/Photon/Koinzidenz.jpg]
[quantumlab.nat.fau.de/english/interference/Photon/Quelle.jpg]
[quantumlab.nat.fau.de/english/interference/Photon/Start_Interferenz_Photon.swf]
[quantumlab.nat.fau.de/english/interference/Photon/Daten_Interferenz.txt]
[quantumlab.nat.fau.de/english/interference/Photon/index.html]
[quantumlab.nat.fau.de/english/interference/Unteilbarkeit/Interferometer.jpg]
[quantumlab.nat.fau.de/english/interference/Unteilbarkeit/Start_Int_Unteilbarkeit.swf]
[quantumlab.nat.fau.de/english/interference/Unteilbarkeit/Start_Int_g2.swf]
[quantumlab.nat.fau.de/english/interference/Unteilbarkeit/index.html]
[quantumlab.nat.fau.de/english/interference/Unteilbarkeit/Daten_g2_Int.txt]
[quantumlab.nat.fau.de/english/interference/Weginformation/InterfrometerII.jpg]
[quantumlab.nat.fau.de/english/interference/Weginformation/InterferometerI.jpg]
[quantumlab.nat.fau.de/english/interference/Weginformation/Start_Quantenradierer.swf]
[quantumlab.nat.fau.de/english/interference/Weginformation/InterferometerIII.jpg]
[quantumlab.nat.fau.de/english/interference/Weginformation/Daten_Quantenradierer.txt]
[quantumlab.nat.fau.de/english/interference/Weginformation/index.html]
[quantumlab.nat.fau.de/english/interference/Experten/Quelle.jpg]
[quantumlab.nat.fau.de/english/interference/Experten/Quelle_Exp.jpg]
[quantumlab.nat.fau.de/english/interference/Experten/Formel.jpg]
[quantumlab.nat.fau.de/english/interference/Experten/Interferenz.jpg]
[quantumlab.nat.fau.de/english/interference/Experten/Interferenz-Vergleich.jpg]
[quantumlab.nat.fau.de/english/interference/Experten/Weisslichtinterferometer.jpg]
[quantumlab.nat.fau.de/english/interference/Experten/weisses_Licht.swf]
[quantumlab.nat.fau.de/english/interference/Experten/index.html]
[quantumlab.nat.fau.de/english/interference/Experten/Daten_Energiekorrelation.txt]
[quantumlab.nat.fau.de/english/interference/Doppelspalt/simple.jpg]
[quantumlab.nat.fau.de/english/interference/Doppelspalt/Doppelspalt.jpg]
[quantumlab.nat.fau.de/english/interference/Doppelspalt/Theorie.jpg]
[quantumlab.nat.fau.de/english/interference/Doppelspalt/DShell1.jpg]
[quantumlab.nat.fau.de/english/interference/Doppelspalt/DShell2.jpg]
[quantumlab.nat.fau.de/english/interference/Doppelspalt/DS.jpg]
[quantumlab.nat.fau.de/english/interference/Doppelspalt/Experiment.jpg]
[quantumlab.nat.fau.de/english/interference/Doppelspalt/DSMesskurve.jpg]
[quantumlab.nat.fau.de/english/interference/Doppelspalt/Interferometer.jpg]
[quantumlab.nat.fau.de/english/interference/Doppelspalt/Quantenradierer.jpg]
[quantumlab.nat.fau.de/english/interference/Doppelspalt/Daten_Doppelspalt.txt]
[quantumlab.nat.fau.de/english/interference/Doppelspalt/index.html]
[quantumlab.nat.fau.de/english/Existenz/Kapitel3/index.html]
[quantumlab.nat.fau.de/english/Kryptographie/index.html]
[quantumlab.nat.fau.de/english/statistic/Kapitel1/TMDSkizze.jpg]
[quantumlab.nat.fau.de/english/statistic/Kapitel1/Strahlteiler_Exp.jpg]
[quantumlab.nat.fau.de/english/statistic/Kapitel1/Verzoegerung.jpg]
[quantumlab.nat.fau.de/english/statistic/Kapitel1/Start_TMD_Aufbau.swf]
[quantumlab.nat.fau.de/english/statistic/Kapitel1/index.html]
[quantumlab.nat.fau.de/english/statistic/Kapitel2/Start_TMD_Messung.swf]
[quantumlab.nat.fau.de/english/statistic/Kapitel2/Rechnung.jpg]
[quantumlab.nat.fau.de/english/statistic/Kapitel2/Oszi_TMD.jpg]
[quantumlab.nat.fau.de/english/statistic/Kapitel2/VerlustM.jpg]
[quantumlab.nat.fau.de/english/statistic/Kapitel2/TMD1.jpg]
[quantumlab.nat.fau.de/english/statistic/Kapitel2/TMD0.jpg]
[quantumlab.nat.fau.de/english/statistic/Kapitel2/FaltungsM.jpg]
[quantumlab.nat.fau.de/english/statistic/Kapitel2/Daten/10uW_Leistung.pdf]
[quantumlab.nat.fau.de/english/statistic/Kapitel2/Daten/9uW_Leistung.pdf]
[quantumlab.nat.fau.de/english/statistic/Kapitel2/Daten/8uW_Leistung.pdf]
[quantumlab.nat.fau.de/english/statistic/Kapitel2/Daten/7uW_Leistung.pdf]
[quantumlab.nat.fau.de/english/statistic/Kapitel2/Daten/6uW_Leistung.pdf]
[quantumlab.nat.fau.de/english/statistic/Kapitel2/Daten/5uW_Leistung.pdf]
[quantumlab.nat.fau.de/english/statistic/Kapitel2/Daten/4uW_Leistung.pdf]
[quantumlab.nat.fau.de/english/statistic/Kapitel2/Daten/3uW_Leistung.pdf]
[quantumlab.nat.fau.de/english/statistic/Kapitel2/Daten/2uW_Leistung.pdf]
[quantumlab.nat.fau.de/english/statistic/Kapitel2/Daten/1uW_Leistung.pdf]
[quantumlab.nat.fau.de/english/statistic/Kapitel2/Daten/100nW_Leistung.pdf]
[quantumlab.nat.fau.de/english/statistic/Kapitel2/index.html]
[quantumlab.nat.fau.de/english/statistic/Kapitel3/Joint-Messung.jpg]
[quantumlab.nat.fau.de/english/statistic/Kapitel3/Quelle-Statistik.pdf]
[quantumlab.nat.fau.de/english/statistic/Kapitel3/TMDJoint.jpg]
[quantumlab.nat.fau.de/english/statistic/Kapitel3/Thermisch.jpg]
[quantumlab.nat.fau.de/english/statistic/Kapitel3/Poisson.jpg]
[quantumlab.nat.fau.de/english/statistic/Kapitel3/Quanten.jpg]
[quantumlab.nat.fau.de/english/statistic/Kapitel3/TMD.jpg]
[quantumlab.nat.fau.de/english/statistic/Kapitel3/index.html]
[quantumlab.nat.fau.de/english/hom-interference/Kapitel1/Moeglichkeiten.jpg]
[quantumlab.nat.fau.de/english/hom-interference/Kapitel1/Quelle.jpg]
[quantumlab.nat.fau.de/english/hom-interference/Kapitel1/index.html]
[quantumlab.nat.fau.de/english/hom-interference/Kapitel2/Ex1.jpg]
[quantumlab.nat.fau.de/english/hom-interference/Kapitel2/Start_Hong.swf]
[quantumlab.nat.fau.de/english/hom-interference/Kapitel2/index.html]
[quantumlab.nat.fau.de/english/frames/Stylesheet.css]
[quantumlab.nat.fau.de/english/Grundlagen/Kapitel2/index.html]
[quantumlab.nat.fau.de/english/Interferenz/index.html]
[quantumlab.nat.fau.de/english/Interferenz/Experten/index.html]
[quantumlab.nat.fau.de/english/Verschraenkung/index.html]
[quantumlab.nat.fau.de/Schuelerlabor/Anmeldung/Anmeldung.html]
[quantumlab.nat.fau.de/Schuelerlabor/Anmeldung/Schuelerlabor.html]
[quantumlab.nat.fau.de/Schuelerlabor/Anmeldung/Laborheft.html]
[quantumlab.nat.fau.de/Schuelerlabor/Anmeldung/Quanten2.html]
[quantumlab.nat.fau.de/Schuelerlabor/Anmeldung/Quanten3.html]
[quantumlab.nat.fau.de/Schuelerlabor/Anmeldung/Quanten1.html]
[quantumlab.nat.fau.de/english/hom-interference/Kapitel2/Daten-HOM-dip.txt]
[quantumlab.nat.fau.de/Schuelerlabor/Station1/Start_Station_1.swf]
[quantumlab.nat.fau.de/Schuelerlabor/Station1/Station_1.pdf]
[quantumlab.nat.fau.de/Schuelerlabor/Station1/index.html]
[quantumlab.nat.fau.de/Schuelerlabor/Station2/Start_Station_2.swf]
[quantumlab.nat.fau.de/Schuelerlabor/Station2/index.html]
[quantumlab.nat.fau.de/Schuelerlabor/Station2/Station_2.pdf]
[quantumlab.nat.fau.de/Schuelerlabor/Station3a/Start_Station_3a.swf]
[quantumlab.nat.fau.de/Schuelerlabor/Station3a/index.html]
[quantumlab.nat.fau.de/Schuelerlabor/Station3a/Station_3a.pdf]
[quantumlab.nat.fau.de/Schuelerlabor/Station3b/Start_Station_3b.swf]
[quantumlab.nat.fau.de/Schuelerlabor/Station3b/Station_3b.pdf]
[quantumlab.nat.fau.de/Schuelerlabor/Station3b/Dreher.jpg]
[quantumlab.nat.fau.de/Schuelerlabor/Station3b/index.html]
[quantumlab.nat.fau.de/Schuelerlabor/Anmeldung/Anfahrt.html]
[quantumlab.nat.fau.de/Schuelerlabor/Anmeldung/Bosch.html]
[quantumlab.nat.fau.de/Schuelerlabor/Anmeldung/Stiftung.html]
[quantumlab.nat.fau.de/english/Grundlagen/index.html]
[quantumlab.nat.fau.de/english/cryptography/QKD-Einfuehrung/index.html]
[quantumlab.nat.fau.de/english/cryptography/Existenz/index.html]
[quantumlab.nat.fau.de/english/Kryptographie/Forschung/index.html]
[quantumlab.nat.fau.de/english/Hong/index.html]
[quantumlab.nat.fau.de/english/interference/Scripts/AC_RunActiveContent.html]
[quantumlab.nat.fau.de/english/Koinzidenz/index.html]
[quantumlab.nat.fau.de/english/Existenz/Kapitel2/index.html]
[quantumlab.nat.fau.de/english/statistic/Kapitel3/Daten/100nW_Leistung.html]
[quantumlab.nat.fau.de/english/hom-interference/Scripts/AC_RunActiveContent.html]
